[TC_4] R1 L007: trimming + aligning (attempt 1)...
[TC_4] R1 L008: trimming + aligning (attempt 1)...
[TC_4] R2 L007: trimming + aligning (attempt 1)...
[TC_4] R2 L008: trimming + aligning (attempt 1)...
/Users/cayolt/Library/CloudStorage/Dropbox-TheFrancisCrick/Tiphaine Cayol/Coding/phipseq-library-qc/scripts/run_sample.sh: line 61: /Users/cayolt/Library/CloudStorage/Dropbox-TheFrancisCrick/Tiphaine Cayol/Coding/phipseq-library-qc/results/TC_4/cutadapt_R2_L008.log: No such file or directory
/Users/cayolt/Library/CloudStorage/Dropbox-TheFrancisCrick/Tiphaine Cayol/Coding/phipseq-library-qc/scripts/run_sample.sh: line 63: /Users/cayolt/Library/CloudStorage/Dropbox-TheFrancisCrick/Tiphaine Cayol/Coding/phipseq-library-qc/results/TC_4/bowtie2_R2_L008.log: No such file or directory
[main_samview] fail to read the header from "-".
[TC_4] R2 L008: attempt 1 failed (likely a transient SMB read error), retrying in 20s...
[TC_4] R2 L008: trimming + aligning (attempt 2)...
/Users/cayolt/Library/CloudStorage/Dropbox-TheFrancisCrick/Tiphaine Cayol/Coding/phipseq-library-qc/scripts/run_sample.sh: line 61: /Users/cayolt/Library/CloudStorage/Dropbox-TheFrancisCrick/Tiphaine Cayol/Coding/phipseq-library-qc/results/TC_4/cutadapt_R2_L008.log: No such file or directory
/Users/cayolt/Library/CloudStorage/Dropbox-TheFrancisCrick/Tiphaine Cayol/Coding/phipseq-library-qc/scripts/run_sample.sh: line 63: /Users/cayolt/Library/CloudStorage/Dropbox-TheFrancisCrick/Tiphaine Cayol/Coding/phipseq-library-qc/results/TC_4/bowtie2_R2_L008.log: No such file or directory
[main_samview] fail to read the header from "-".
[TC_4] R2 L008: attempt 2 failed (likely a transient SMB read error), retrying in 20s...
[TC_4] R2 L008: trimming + aligning (attempt 3)...
/Users/cayolt/Library/CloudStorage/Dropbox-TheFrancisCrick/Tiphaine Cayol/Coding/phipseq-library-qc/scripts/run_sample.sh: line 61: /Users/cayolt/Library/CloudStorage/Dropbox-TheFrancisCrick/Tiphaine Cayol/Coding/phipseq-library-qc/results/TC_4/cutadapt_R2_L008.log: No such file or directory
/Users/cayolt/Library/CloudStorage/Dropbox-TheFrancisCrick/Tiphaine Cayol/Coding/phipseq-library-qc/scripts/run_sample.sh: line 63: /Users/cayolt/Library/CloudStorage/Dropbox-TheFrancisCrick/Tiphaine Cayol/Coding/phipseq-library-qc/results/TC_4/bowtie2_R2_L008.log: No such file or directory
[main_samview] fail to read the header from "-".
[TC_4] R2 L008: attempt 3 failed (likely a transient SMB read error), retrying in 20s...
[TC_4] R2 L008: trimming + aligning (attempt 4)...
/Users/cayolt/Library/CloudStorage/Dropbox-TheFrancisCrick/Tiphaine Cayol/Coding/phipseq-library-qc/scripts/run_sample.sh: line 61: /Users/cayolt/Library/CloudStorage/Dropbox-TheFrancisCrick/Tiphaine Cayol/Coding/phipseq-library-qc/results/TC_4/cutadapt_R2_L008.log: No such file or directory
/Users/cayolt/Library/CloudStorage/Dropbox-TheFrancisCrick/Tiphaine Cayol/Coding/phipseq-library-qc/scripts/run_sample.sh: line 63: /Users/cayolt/Library/CloudStorage/Dropbox-TheFrancisCrick/Tiphaine Cayol/Coding/phipseq-library-qc/results/TC_4/bowtie2_R2_L008.log: No such file or directory
[main_samview] fail to read the header from "-".
[TC_4] R2 L008: attempt 4 failed (likely a transient SMB read error), retrying in 20s...
[TC_4] R2 L008: trimming + aligning (attempt 5)...
/Users/cayolt/Library/CloudStorage/Dropbox-TheFrancisCrick/Tiphaine Cayol/Coding/phipseq-library-qc/scripts/run_sample.sh: line 61: /Users/cayolt/Library/CloudStorage/Dropbox-TheFrancisCrick/Tiphaine Cayol/Coding/phipseq-library-qc/results/TC_4/cutadapt_R2_L008.log: No such file or directory
/Users/cayolt/Library/CloudStorage/Dropbox-TheFrancisCrick/Tiphaine Cayol/Coding/phipseq-library-qc/scripts/run_sample.sh: line 63: /Users/cayolt/Library/CloudStorage/Dropbox-TheFrancisCrick/Tiphaine Cayol/Coding/phipseq-library-qc/results/TC_4/bowtie2_R2_L008.log: No such file or directory
[main_samview] fail to read the header from "-".
[TC_4] R2 L008: attempt 5 failed (likely a transient SMB read error), retrying in 20s...
[TC_4] R2 L008: FAILED after 5 attempts, giving up.
